name: some_name
default:
  path: internal/app/
input:
  package:
    type: string
    description: "Which go pkg to use for the generated file"
    default: "app"
